// Vitest Snapshot v1

exports[`App renders correctly > renders without crashing 1`] = `<nav />`;
